
> material-ui-nextjs-ts@7.0.0 build
> next build

   ▲ Next.js 16.0.8 (Turbopack)

   Creating an optimized production build ...
 ✓ Compiled successfully in 3.2s
   Running TypeScript ...
Failed to compile.

./src/app/employee/(protected)/time-mangemeant/components/PolicyRulesSection.tsx:467:16
Type error: No overload matches this call.
  Overload 1 of 2, '(props: { component: ElementType<any, keyof IntrinsicElements>; } & GridBaseProps & { sx?: SxProps<Theme> | undefined; } & SystemProps<...> & Omit<...>): Element | null', gave the following error.
    Property 'component' is missing in type '{ children: Element[]; item: true; xs: number; sm: number; key: string; }' but required in type '{ component: ElementType<any, keyof IntrinsicElements>; }'.
  Overload 2 of 2, '(props: DefaultComponentProps<GridTypeMap<{}, "div">>): Element | null', gave the following error.
    Type '{ children: Element[]; item: true; xs: number; sm: number; key: string; }' is not assignable to type 'IntrinsicAttributes & GridBaseProps & { sx?: SxProps<Theme> | undefined; } & SystemProps<Theme> & Omit<...>'.
      Property 'item' does not exist on type 'IntrinsicAttributes & GridBaseProps & { sx?: SxProps<Theme> | undefined; } & SystemProps<Theme> & Omit<...>'.

[0m [90m 465 |[39m           [33m<[39m[33mGrid[39m container spacing[33m=[39m{[35m1.5[39m}[33m>[39m
 [90m 466 |[39m             {insight[33m.[39mmetrics[33m.[39mmap((metric) [33m=>[39m (
[31m[1m>[22m[39m[90m 467 |[39m               [33m<[39m[33mGrid[39m item xs[33m=[39m{[35m12[39m} sm[33m=[39m{[35m6[39m} key[33m=[39m{metric[33m.[39mlabel}[33m>[39m
 [90m     |[39m                [31m[1m^[22m[39m
 [90m 468 |[39m                 [33m<[39m[33mTypography[39m variant[33m=[39m[32m"caption"[39m color[33m=[39m[32m"text.secondary"[39m[33m>[39m
 [90m 469 |[39m                   {metric[33m.[39mlabel}
 [90m 470 |[39m                 [33m<[39m[33m/[39m[33mTypography[39m[33m>[39m[0m
Next.js build worker exited with code: 1 and signal: null
